nohup: ignoring input

  .   ____          _            __ _ _
 /\\ / ___'_ __ _ _(_)_ __  __ _ \ \ \ \
( ( )\___ | '_ | '_| | '_ \/ _` | \ \ \ \
 \\/  ___)| |_)| | | | | || (_| |  ) ) ) )
  '  |____| .__|_| |_|_| |_\__, | / / / /
 =========|_|==============|___/=/_/_/_/
 :: Spring Boot ::                (v3.2.4)

2025-09-27T05:56:17.955Z  INFO 6171 --- [           main] com.example.myapp                        : Starting myapp v1.0.0 using Java 21.0.8 with PID 6171 (/home/ubuntu/simple-Java-application/target/my-webapp-1.0.0.jar started by root in /home/ubuntu/simple-Java-application)
2025-09-27T05:56:17.961Z  INFO 6171 --- [           main] com.example.myapp                        : No active profile set, falling back to 1 default profile: "default"
2025-09-27T05:56:19.991Z  INFO 6171 --- [           main] o.s.b.w.embedded.tomcat.TomcatWebServer  : Tomcat initialized with port 8081 (http)
2025-09-27T05:56:20.015Z  INFO 6171 --- [           main] o.apache.catalina.core.StandardService   : Starting service [Tomcat]
2025-09-27T05:56:20.016Z  INFO 6171 --- [           main] o.apache.catalina.core.StandardEngine    : Starting Servlet engine: [Apache Tomcat/10.1.19]
2025-09-27T05:56:20.078Z  INFO 6171 --- [           main] o.a.c.c.C.[Tomcat].[localhost].[/]       : Initializing Spring embedded WebApplicationContext
2025-09-27T05:56:20.081Z  INFO 6171 --- [           main] w.s.c.ServletWebServerApplicationContext : Root WebApplicationContext: initialization completed in 1918 ms
2025-09-27T05:56:20.743Z  INFO 6171 --- [           main] o.s.b.w.embedded.tomcat.TomcatWebServer  : Tomcat started on port 8081 (http) with context path ''
2025-09-27T05:56:20.763Z  INFO 6171 --- [           main] com.example.myapp                        : Started myapp in 3.622 seconds (process running for 4.433)
2025-09-27T05:56:22.767Z  INFO 6171 --- [nio-8081-exec-1] o.a.c.c.C.[Tomcat].[localhost].[/]       : Initializing Spring DispatcherServlet 'dispatcherServlet'
2025-09-27T05:56:22.767Z  INFO 6171 --- [nio-8081-exec-1] o.s.web.servlet.DispatcherServlet        : Initializing Servlet 'dispatcherServlet'
2025-09-27T05:56:22.768Z  INFO 6171 --- [nio-8081-exec-1] o.s.web.servlet.DispatcherServlet        : Completed initialization in 1 ms
